2026-07-17 08:30:42,634 [INFO] ====== WebDriver manager ======
2026-07-17 08:30:43,476 [INFO] Get LATEST chromedriver version for google-chrome
2026-07-17 08:30:43,885 [INFO] Get LATEST chromedriver version for google-chrome
2026-07-17 08:30:44,291 [INFO] WebDriver version 150.0.7871.124 selected
2026-07-17 08:30:44,295 [INFO] Modern chrome version https://storage.googleapis.com/chrome-for-testing-public/150.0.7871.124/mac-arm64/chromedriver-mac-arm64.zip
2026-07-17 08:30:44,295 [INFO] About to download new driver from https://storage.googleapis.com/chrome-for-testing-public/150.0.7871.124/mac-arm64/chromedriver-mac-arm64.zip
2026-07-17 08:30:44,827 [INFO] Driver downloading response is 200
2026-07-17 08:30:46,036 [INFO] Driver has been saved in cache [/Users/danielaamaya/.wdm/drivers/chromedriver/mac-arm64/150.0.7871.124]
2026-07-17 08:30:47,763 [INFO] 
🔹 Retail / Comercio
2026-07-17 08:30:47,793 [INFO]    Total sin dirección: 2723
2026-07-17 08:30:47,793 [INFO] 
[1/2723]  FEI (sin ciudad)
2026-07-17 08:30:47,942 [WARNING] Retrying (Retry(total=1, connect=None, read=None, redirect=None, status=None)) after connection broken by 'SSLError(SSLCertVerificationError(1, '[SSL: CERTIFICATE_VERIFY_FAILED] certificate verify failed: unable to get local issuer certificate (_ssl.c:1077)'))': /search?q=+FEI%2C+sin+ciudad%2C+Colombia&format=json&limit=1
2026-07-17 08:30:48,085 [WARNING] Retrying (Retry(total=0, connect=None, read=None, redirect=None, status=None)) after connection broken by 'SSLError(SSLCertVerificationError(1, '[SSL: CERTIFICATE_VERIFY_FAILED] certificate verify failed: unable to get local issuer certificate (_ssl.c:1077)'))': /search?q=+FEI%2C+sin+ciudad%2C+Colombia&format=json&limit=1
2026-07-17 08:30:48,191 [WARNING]   ❌ Nominatim error: HTTPSConnectionPool(host='nominatim.openstreetmap.org', port=443): Max retries exceeded with url: /search?q=+FEI%2C+sin+ciudad%2C+Colombia&format=json&limit=1 (Caused by SSLError(SSLCertVerificationError(1, '[SSL: CERTIFICATE_VERIFY_FAILED] certificate verify failed: unable to get local issuer certificate (_ssl.c:1077)')))
2026-07-17 08:30:48,192 [INFO]   📍 Nominatim no encontró, intentando Google Maps...
2026-07-17 08:30:50,197 [INFO]   🗺️  Google Maps:  FEI sin ciudad Colombia
2026-07-17 08:30:53,715 [INFO]   ❌ No encontrada
2026-07-17 08:30:54,660 [INFO] 
[2/2723]  FULL HOGAR  (sin ciudad)
2026-07-17 08:30:54,773 [WARNING] Retrying (Retry(total=1, connect=None, read=None, redirect=None, status=None)) after connection broken by 'SSLError(SSLCertVerificationError(1, '[SSL: CERTIFICATE_VERIFY_FAILED] certificate verify failed: unable to get local issuer certificate (_ssl.c:1077)'))': /search?q=+FULL+HOGAR+%2C+sin+ciudad%2C+Colombia&format=json&limit=1
2026-07-17 08:30:54,877 [WARNING] Retrying (Retry(total=0, connect=None, read=None, redirect=None, status=None)) after connection broken by 'SSLError(SSLCertVerificationError(1, '[SSL: CERTIFICATE_VERIFY_FAILED] certificate verify failed: unable to get local issuer certificate (_ssl.c:1077)'))': /search?q=+FULL+HOGAR+%2C+sin+ciudad%2C+Colombia&format=json&limit=1
2026-07-17 08:30:54,999 [WARNING]   ❌ Nominatim error: HTTPSConnectionPool(host='nominatim.openstreetmap.org', port=443): Max retries exceeded with url: /search?q=+FULL+HOGAR+%2C+sin+ciudad%2C+Colombia&format=json&limit=1 (Caused by SSLError(SSLCertVerificationError(1, '[SSL: CERTIFICATE_VERIFY_FAILED] certificate verify failed: unable to get local issuer certificate (_ssl.c:1077)')))
2026-07-17 08:30:54,999 [INFO]   📍 Nominatim no encontró, intentando Google Maps...
2026-07-17 08:30:57,001 [INFO]   🗺️  Google Maps:  FULL HOGAR  sin ciudad Colombia
2026-07-17 08:30:59,568 [INFO]   ❌ No encontrada
2026-07-17 08:31:00,459 [INFO] 
[3/2723] "C.I." GUILLERMO MUNOZ Y COMPANIA LIMITADA. (sin ciudad)
2026-07-17 08:31:00,525 [WARNING] Retrying (Retry(total=1, connect=None, read=None, redirect=None, status=None)) after connection broken by 'SSLError(SSLCertVerificationError(1, '[SSL: CERTIFICATE_VERIFY_FAILED] certificate verify failed: unable to get local issuer certificate (_ssl.c:1077)'))': /search?q=%22C.I.%22+GUILLERMO+MUNOZ+Y+COMPANIA+LIMITADA.%2C+sin+ciudad%2C+Colombia&format=json&limit=1
2026-07-17 08:31:00,603 [WARNING] Retrying (Retry(total=0, connect=None, read=None, redirect=None, status=None)) after connection broken by 'SSLError(SSLCertVerificationError(1, '[SSL: CERTIFICATE_VERIFY_FAILED] certificate verify failed: unable to get local issuer certificate (_ssl.c:1077)'))': /search?q=%22C.I.%22+GUILLERMO+MUNOZ+Y+COMPANIA+LIMITADA.%2C+sin+ciudad%2C+Colombia&format=json&limit=1
2026-07-17 08:31:00,689 [WARNING]   ❌ Nominatim error: HTTPSConnectionPool(host='nominatim.openstreetmap.org', port=443): Max retries exceeded with url: /search?q=%22C.I.%22+GUILLERMO+MUNOZ+Y+COMPANIA+LIMITADA.%2C+sin+ciudad%2C+Colombia&format=json&limit=1 (Caused by SSLError(SSLCertVerificationError(1, '[SSL: CERTIFICATE_VERIFY_FAILED] certificate verify failed: unable to get local issuer certificate (_ssl.c:1077)')))
2026-07-17 08:31:00,689 [INFO]   📍 Nominatim no encontró, intentando Google Maps...
2026-07-17 08:31:02,693 [INFO]   🗺️  Google Maps: "C.I." GUILLERMO MUNOZ Y COMPANIA LIMITADA. sin ci
2026-07-17 08:31:05,121 [INFO]   ❌ No encontrada
2026-07-17 08:31:06,088 [INFO] 
[4/2723] 180 CONSULTING PENSAMIENTO PRODUCTIVO (sin ciudad)
2026-07-17 08:31:06,291 [WARNING] Retrying (Retry(total=1, connect=None, read=None, redirect=None, status=None)) after connection broken by 'SSLError(SSLCertVerificationError(1, '[SSL: CERTIFICATE_VERIFY_FAILED] certificate verify failed: unable to get local issuer certificate (_ssl.c:1077)'))': /search?q=180+CONSULTING+PENSAMIENTO+PRODUCTIVO%2C+sin+ciudad%2C+Colombia&format=json&limit=1
2026-07-17 08:31:06,410 [WARNING] Retrying (Retry(total=0, connect=None, read=None, redirect=None, status=None)) after connection broken by 'SSLError(SSLCertVerificationError(1, '[SSL: CERTIFICATE_VERIFY_FAILED] certificate verify failed: unable to get local issuer certificate (_ssl.c:1077)'))': /search?q=180+CONSULTING+PENSAMIENTO+PRODUCTIVO%2C+sin+ciudad%2C+Colombia&format=json&limit=1
2026-07-17 08:31:06,521 [WARNING]   ❌ Nominatim error: HTTPSConnectionPool(host='nominatim.openstreetmap.org', port=443): Max retries exceeded with url: /search?q=180+CONSULTING+PENSAMIENTO+PRODUCTIVO%2C+sin+ciudad%2C+Colombia&format=json&limit=1 (Caused by SSLError(SSLCertVerificationError(1, '[SSL: CERTIFICATE_VERIFY_FAILED] certificate verify failed: unable to get local issuer certificate (_ssl.c:1077)')))
2026-07-17 08:31:06,521 [INFO]   📍 Nominatim no encontró, intentando Google Maps...
2026-07-17 08:31:08,525 [INFO]   🗺️  Google Maps: 180 CONSULTING PENSAMIENTO PRODUCTIVO sin ciudad C
2026-07-17 08:31:10,536 [INFO]   ❌ No encontrada
2026-07-17 08:31:11,187 [INFO] 
[5/2723] 2112 Marketing Ltd (sin ciudad)
2026-07-17 08:31:11,320 [WARNING] Retrying (Retry(total=1, connect=None, read=None, redirect=None, status=None)) after connection broken by 'SSLError(SSLCertVerificationError(1, '[SSL: CERTIFICATE_VERIFY_FAILED] certificate verify failed: unable to get local issuer certificate (_ssl.c:1077)'))': /search?q=2112+Marketing+Ltd%2C+sin+ciudad%2C+Colombia&format=json&limit=1
2026-07-17 08:31:11,413 [WARNING] Retrying (Retry(total=0, connect=None, read=None, redirect=None, status=None)) after connection broken by 'SSLError(SSLCertVerificationError(1, '[SSL: CERTIFICATE_VERIFY_FAILED] certificate verify failed: unable to get local issuer certificate (_ssl.c:1077)'))': /search?q=2112+Marketing+Ltd%2C+sin+ciudad%2C+Colombia&format=json&limit=1
2026-07-17 08:31:11,526 [WARNING]   ❌ Nominatim error: HTTPSConnectionPool(host='nominatim.openstreetmap.org', port=443): Max retries exceeded with url: /search?q=2112+Marketing+Ltd%2C+sin+ciudad%2C+Colombia&format=json&limit=1 (Caused by SSLError(SSLCertVerificationError(1, '[SSL: CERTIFICATE_VERIFY_FAILED] certificate verify failed: unable to get local issuer certificate (_ssl.c:1077)')))
2026-07-17 08:31:11,526 [INFO]   📍 Nominatim no encontró, intentando Google Maps...
