2026-07-08 16:16:08,248 [INFO] ====== WebDriver manager ======
2026-07-08 16:16:09,029 [INFO] Driver [/Users/danielaamaya/.wdm/drivers/chromedriver/mac-arm64/150.0.7871.49/chromedriver-mac-arm64/chromedriver] found in cache by browser version
2026-07-08 16:16:10,783 [INFO] 📋 Obteniendo seguidos de @danielaamayaz...
2026-07-08 16:16:27,191 [ERROR] ❌ Error obteniendo seguidos: Message: 
Stacktrace:
0   chromedriver                        0x0000000101515cf4 chromedriver + 5938420
1   chromedriver                        0x0000000100fb8554 chromedriver + 312660
2   chromedriver                        0x00000001010019c8 chromedriver + 612808
3   chromedriver                        0x0000000101040a4c chromedriver + 870988
4   chromedriver                        0x0000000100ff73b8 chromedriver + 570296
5   chromedriver                        0x00000001014da82c chromedriver + 5695532
6   chromedriver                        0x00000001014de0bc chromedriver + 5710012
7   chromedriver                        0x00000001014c0d28 chromedriver + 5590312
8   chromedriver                        0x00000001014de950 chromedriver + 5712208
9   chromedriver                        0x00000001014b1ef8 chromedriver + 5529336
10  chromedriver                        0x0000000101503d74 chromedriver + 5864820
11  chromedriver                        0x0000000101503ed4 chromedriver + 5865172
12  chromedriver                        0x000000010151594c chromedriver + 5937484
13  libsystem_pthread.dylib             0x000000018a435c54 _pthread_start + 132
14  libsystem_pthread.dylib             0x000000018a430c18 thread_start + 4

2026-07-08 16:16:27,313 [INFO] 
🏁 Bot finalizado
2026-07-08 16:18:30,206 [INFO] ====== WebDriver manager ======
2026-07-08 16:18:30,883 [INFO] Driver [/Users/danielaamaya/.wdm/drivers/chromedriver/mac-arm64/150.0.7871.49/chromedriver-mac-arm64/chromedriver] found in cache by browser version
2026-07-08 16:19:30,567 [INFO] 📋 Obteniendo seguidos de @danielaamayaz...
2026-07-08 16:19:46,176 [ERROR] ❌ Error obteniendo seguidos: Message: 
Stacktrace:
0   chromedriver                        0x0000000101155cf4 chromedriver + 5938420
1   chromedriver                        0x0000000100bf8554 chromedriver + 312660
2   chromedriver                        0x0000000100c419c8 chromedriver + 612808
3   chromedriver                        0x0000000100c80a4c chromedriver + 870988
4   chromedriver                        0x0000000100c373b8 chromedriver + 570296
5   chromedriver                        0x000000010111a82c chromedriver + 5695532
6   chromedriver                        0x000000010111e0bc chromedriver + 5710012
7   chromedriver                        0x0000000101100d28 chromedriver + 5590312
8   chromedriver                        0x000000010111e950 chromedriver + 5712208
9   chromedriver                        0x00000001010f1ef8 chromedriver + 5529336
10  chromedriver                        0x0000000101143d74 chromedriver + 5864820
11  chromedriver                        0x0000000101143ed4 chromedriver + 5865172
12  chromedriver                        0x000000010115594c chromedriver + 5937484
13  libsystem_pthread.dylib             0x000000018a435c54 _pthread_start + 132
14  libsystem_pthread.dylib             0x000000018a430c18 thread_start + 4

2026-07-08 16:19:46,399 [INFO] 
🏁 Bot finalizado
